\BOOKMARK [1][-]{section.1}{\376\377\000I\000n\000t\000r\000o\000d\000u\000c\000t\000i\000o\000n}{}% 1
\BOOKMARK [1][-]{section.2}{\376\377\000M\000a\000t\000h\000e\000m\000a\000t\000i\000c\000a\000l\000\040\000F\000o\000r\000m\000u\000l\000a\000t\000i\000o\000n}{}% 2
\BOOKMARK [2][-]{subsection.2.1}{\376\377\000T\000h\000e\000\040\000S\000y\000n\000c\000h\000r\000o\000n\000i\000z\000a\000t\000i\000o\000n\000\040\000G\000r\000a\000p\000h}{section.2}% 3
\BOOKMARK [2][-]{subsection.2.2}{\376\377\000S\000L\000\050\0003\000\051\000\040\000N\000o\000r\000m\000a\000l\000i\000s\000a\000t\000i\000o\000n}{section.2}% 4
\BOOKMARK [2][-]{subsection.2.3}{\376\377\000E\000r\000r\000o\000r\000\040\000M\000e\000t\000r\000i\000c}{section.2}% 5
\BOOKMARK [1][-]{section.3}{\376\377\000S\000y\000n\000c\000h\000r\000o\000n\000i\000z\000a\000t\000i\000o\000n\000\040\000A\000l\000g\000o\000r\000i\000t\000h\000m\000s}{}% 6
\BOOKMARK [2][-]{subsection.3.1}{\376\377\000I\000t\000e\000r\000a\000t\000i\000v\000e\000\040\000M\000e\000t\000h\000o\000d\000s\000\040\000\050\000M\000a\000d\000h\000a\000v\000a\000n\000\040\000e\000t\000\040\000a\000l\000.\000\040\000m\000a\000d\000h\000a\000v\000a\000n\0002\0000\0002\0004\000\051}{section.3}% 7
\BOOKMARK [3][-]{subsubsection.3.1.1}{\376\377\000I\000R\000L\000S\000\040\000O\000u\000t\000l\000i\000e\000r\000\040\000S\000u\000p\000p\000r\000e\000s\000s\000i\000o\000n}{subsection.3.1}% 8
\BOOKMARK [2][-]{subsection.3.2}{\376\377\000S\000p\000e\000c\000t\000r\000a\000l\000\040\000M\000e\000t\000h\000o\000d\000s\000\040\000\050\000S\000c\000h\000r\000o\000e\000d\000e\000r\000\040\000e\000t\000\040\000a\000l\000.\000\040\000s\000c\000h\000r\000o\000e\000d\000e\000r\0002\0000\0001\0001\000\051}{section.3}% 9
\BOOKMARK [2][-]{subsection.3.3}{\376\377\000S\000p\000a\000n\000n\000i\000n\000g\000-\000T\000r\000e\000e\000\040\000B\000a\000s\000e\000l\000i\000n\000e}{section.3}% 10
\BOOKMARK [1][-]{section.4}{\376\377\000I\000m\000a\000g\000e\000\040\000M\000o\000s\000a\000i\000c\000k\000i\000n\000g\000\040\000P\000i\000p\000e\000l\000i\000n\000e}{}% 11
\BOOKMARK [1][-]{section.5}{\376\377\000S\000o\000u\000r\000c\000e\000\040\000C\000o\000d\000e\000\040\000O\000v\000e\000r\000v\000i\000e\000w}{}% 12
\BOOKMARK [1][-]{section.6}{\376\377\000E\000x\000p\000e\000r\000i\000m\000e\000n\000t\000a\000l\000\040\000S\000e\000t\000u\000p}{}% 13
\BOOKMARK [1][-]{section.7}{\376\377\000E\000x\000p\000e\000r\000i\000m\000e\000n\000t\000a\000l\000\040\000R\000e\000s\000u\000l\000t\000s}{}% 14
\BOOKMARK [2][-]{subsection.7.1}{\376\377\000E\000x\000p\000e\000r\000i\000m\000e\000n\000t\000\040\0001\000:\000\040\000V\000a\000r\000y\000i\000n\000g\000\040\000G\000r\000a\000p\000h\000\040\000S\000i\000z\000e}{section.7}% 15
\BOOKMARK [2][-]{subsection.7.2}{\376\377\000E\000x\000p\000e\000r\000i\000m\000e\000n\000t\000\040\0002\000:\000\040\000V\000a\000r\000y\000i\000n\000g\000\040\000N\000o\000i\000s\000e\000\040\000L\000e\000v\000e\000l}{section.7}% 16
\BOOKMARK [2][-]{subsection.7.3}{\376\377\000E\000x\000p\000e\000r\000i\000m\000e\000n\000t\000\040\0003\000:\000\040\000V\000a\000r\000y\000i\000n\000g\000\040\000H\000o\000l\000e\000\040\000D\000e\000n\000s\000i\000t\000y}{section.7}% 17
\BOOKMARK [2][-]{subsection.7.4}{\376\377\000E\000x\000p\000e\000r\000i\000m\000e\000n\000t\000\040\0004\000:\000\040\000V\000a\000r\000y\000i\000n\000g\000\040\000O\000u\000t\000l\000i\000e\000r\000\040\000D\000e\000n\000s\000i\000t\000y}{section.7}% 18
\BOOKMARK [2][-]{subsection.7.5}{\376\377\000E\000x\000p\000e\000r\000i\000m\000e\000n\000t\000\040\0005\000:\000\040\000R\000e\000a\000l\000\040\000I\000m\000a\000g\000e\000\040\000D\000a\000t\000a}{section.7}% 19
\BOOKMARK [2][-]{subsection.7.6}{\376\377\000E\000x\000p\000e\000r\000i\000m\000e\000n\000t\000\040\0006\000:\000\040\000J\000o\000i\000n\000t\000\040\000N\000o\000i\000s\000e\000\040\000\040\000T\000o\000p\000o\000l\000o\000g\000y\000\040\000A\000n\000a\000l\000y\000s\000i\000s}{section.7}% 20
\BOOKMARK [1][-]{section.8}{\376\377\000S\000u\000m\000m\000a\000r\000y\000\040\000o\000f\000\040\000F\000i\000n\000d\000i\000n\000g\000s}{}% 21
